D:\Redis-x64-3.0.504>redis-cli.exe -h 127.0.0.1 -p 6379
127.0.0.1:6379> get myKey
(nil)
127.0.0.1:6379> ping
PONG
127.0.0.1:6379> ls
(error) ERR unknown command 'ls'
127.0.0.1:6379> set name "jack"
OK
127.0.0.1:6379> get name
"jack"
127.0.0.1:6379> type name
string
127.0.0.1:6379> exists name
(integer) 1
127.0.0.1:6379> HMSET my_table Anna 18 man
(error) ERR wrong number of arguments for HMSET
127.0.0.1:6379> HMSET my_table name Anna age 18
OK
127.0.0.1:6379> hmget
(error) ERR wrong number of arguments for 'hmget' command
127.0.0.1:6379> HMGET
(error) ERR wrong number of arguments for 'hmget' command
127.0.0.1:6379> hmget my_table
(error) ERR wrong number of arguments for 'hmget' command
127.0.0.1:6379> HMGET my_table
(error) ERR wrong number of arguments for 'hmget' command
127.0.0.1:6379> HGET my_table
(error) ERR wrong number of arguments for 'hget' command
127.0.0.1:6379> HGETALL my_table
1) "name"
2) "Anna"
3) "age"
4) "18"
127.0.0.1:6379> lpush my_list apple
(integer) 1
127.0.0.1:6379> lpush my_list banana
(integer) 2
127.0.0.1:6379> lpush my_list pear
(integer) 3
127.0.0.1:6379> lpush my_list peach
(integer) 4
127.0.0.1:6379> lrange my_list
(error) ERR wrong number of arguments for 'lrange' command
127.0.0.1:6379> lrange my_list 0 10
1) "peach"
2) "pear"
3) "banana"
4) "apple"
127.0.0.1:6379> lpop my_list pear
(error) ERR wrong number of arguments for 'lpop' command
127.0.0.1:6379> lpop my_list peach
(error) ERR wrong number of arguments for 'lpop' command
127.0.0.1:6379> lpop my_list apple
(error) ERR wrong number of arguments for 'lpop' command
127.0.0.1:6379> rpop
(error) ERR wrong number of arguments for 'rpop' command
127.0.0.1:6379> rpop 4
(nil)
127.0.0.1:6379> lrange my_list 0 10
1) "peach"
2) "pear"
3) "banana"
4) "apple"
127.0.0.1:6379> keys
(error) ERR wrong number of arguments for 'keys' command
127.0.0.1:6379> sadd my_set one
(integer) 1
127.0.0.1:6379> sadd my_set two
(integer) 1
127.0.0.1:6379> sadd my_set three
(integer) 1
127.0.0.1:6379> smembers my_set
1) "three"
2) "two"
3) "one"
127.0.0.1:6379> scard my_set
(integer) 3
127.0.0.1:6379> sadd key1 a b c d
(integer) 4
127.0.0.1:6379> smembers key1
1) "c"
2) "b"
3) "d"
4) "a"
127.0.0.1:6379> sadd key2 c
(integer) 1
127.0.0.1:6379> smembers key2
1) "c"
127.0.0.1:6379> sadd key2 d e
(integer) 2
127.0.0.1:6379> smembers key2
1) "c"
2) "e"
3) "d"
127.0.0.1:6379> sdiff key1 key2
1) "b"
2) "a"
127.0.0.1:6379> smembers key1
1) "c"
2) "b"
3) "d"
4) "a"
127.0.0.1:6379> sdiff key1 key2
1) "b"
2) "a"
127.0.0.1:6379> sdiff key2 key1
1) "e"
127.0.0.1:6379> sinter key1 key2
1) "c"
2) "d"
127.0.0.1:6379> sinter key2 key1
1) "c"
2) "d"
127.0.0.1:6379> zadd my_zset first
(error) ERR wrong number of arguments for 'zadd' command
127.0.0.1:6379> zadd my_zset 1 first
(integer) 1
127.0.0.1:6379> zadd my_zset 2 second
(integer) 1
127.0.0.1:6379> zadd my_zset 2 third
(integer) 1
127.0.0.1:6379> zrange my_zset 0 -1 withscores
1) "first"
2) "1"
3) "second"
4) "2"
5) "third"
6) "2"
127.0.0.1:6379> zrange my_zset 0 1 withscores
1) "first"
2) "1"
3) "second"
4) "2"
127.0.0.1:6379> zrange my_zset withscores
(error) ERR wrong number of arguments for 'zrange' command
127.0.0.1:6379> zrange my_zset 0 4withscores
(error) ERR value is not an integer or out of range
127.0.0.1:6379> zrange my_zset 0 4 withscores
1) "first"
2) "1"
3) "second"
4) "2"
5) "third"
6) "2"
127.0.0.1:6379> zrange my_zset 5 4 withscores
(empty list or set)
127.0.0.1:6379> zrange my_zset 0 2
1) "first"
2) "second"
3) "third"
127.0.0.1:6379>